---
source: crates/mandala-tui/tests/harness.rs
expression: terminal.backend()
---
"┌mandala demo────────────────────────────────────┐"
"│name         role         st                    │"
"│alpha        controller   ✔                     │"
"│beta         worker       ≠                     │"
"│gamma        edge         ?                     │"
"│                                                │"
"│                                                │"
"│                                                │"
"└────────────────────────────────────────────────┘"
"⠹ evaluating expected                             "
