---
source: crates/mandala-tui/tests/screens.rs
expression: terminal.backend()
---
"mandala — deploy runner   -l alpha,beta                                                             "
"batch build  built 2/4  fetched 9/9  errors 0  —  system-path                                       "
" ⚙ build │ ansible │ ⇄ alpha │ ↩ beta                                                               "
"✓ demo                                                                                              "
"1 built · 0 building · 0 waiting · 0 failed                                                         "
"                                                                                                    "
"                                                                                                    "
"                                                                                                    "
"                                                                                                    "
"                                                                                                    "
" ⇄ alpha:copying  ↩ beta:rolled-back                                                                "
"b build forest tab  ·  p playbook output tab  ·  s summary tab  ·  tab cycle tabs  ·  esc back (term"
