---
source: crates/mandala-tui/tests/screens.rs
expression: terminal.backend()
---
"mandala — fleet                                                                           "
" members │┌────────────────────────────────────────────────────────────────────┐          "
"  member  │Deploy 'web'?                                                       │       ads"
"          │(eval-once batch build, then deploy-rs per host with magic rollback)│          "
"          │                                                                    │          "
"          │[ ] Halt on build failure (h to toggle)                             │          "
"          │Default: deploy targets that build successfully.                    │          "
"          │                                                                    │          "
"          │y to run   esc to cancel                                            │          "
"          └────────────────────────────────────────────────────────────────────┘          "
"                                                                                          "
"tab views  ·  space select  ·  r reload  ·  S refresh drift  ·  p ping  ·  R reboot  ·  D "
